// Jest Snapshot v1, https://goo.gl/fbAQLP

exports[`@/components/Base/BaseTextField.vue should render component and match snapshot 1`] = `"<v-text-field-stub errorcount=\\"1\\" errormessages=\\"\\" messages=\\"\\" rules=\\"\\" successmessages=\\"\\" appendicon=\\"\\" backgroundcolor=\\"\\" id=\\"\\" label=\\"email\\" prependicon=\\"\\" loaderheight=\\"2\\" clearicon=\\"$clear\\" type=\\"text\\" data-test-id=\\"\\" class=\\"\\"></v-text-field-stub>"`;
